// Vitest Snapshot v1, https://vitest.dev/guide/snapshot.html

exports[`LoginForm component > correspond au snapshot 1`] = `
<DocumentFragment>
  <form
    class="login-form"
  >
    <h2>
      Connexion
    </h2>
    <label
      for="email"
    >
      Email
    </label>
    <input
      id="email"
      name="email"
      placeholder="Email"
      value=""
    />
    <label
      for="password"
    >
      Mot de passe
    </label>
    <div
      class="input-wrapper"
    >
      <input
        id="password"
        name="password"
        placeholder="••••••••"
        type="password"
        value=""
      />
      <span
        class="eye-icon"
      >
        👁️
      </span>
    </div>
    <button
      type="submit"
    >
      Se connecter
    </button>
  </form>
</DocumentFragment>
`;
